## Test Failures ##

### `cardano-ledger-alonzo:test:tests` ###

| Test                                         | Compiler | Seed     |
|:-------------------------------------------- |:-------- |:-------- |
| /Alonzo/Imp/AlonzoImpSpec/Protocol Version 5/BBODY/PlutusV1/enforces ppMaxBlockExUnits/ | 9.6.7 | 275469760 |
| /Alonzo/Imp/AlonzoImpSpec/Protocol Version 5/BBODY/PlutusV1/enforces ppMaxBlockExUnits/ | 9.8.4 | 724393182 |
| /Alonzo/Imp/AlonzoImpSpec/Protocol Version 5/BBODY/PlutusV1/enforces ppMaxBlockExUnits/ | 9.10.3 | 1389462003 |
| /Alonzo/Imp/AlonzoImpSpec/Protocol Version 5/BBODY/PlutusV1/enforces ppMaxBlockExUnits/ | 9.12.2 | 499854716 |
| /Alonzo/Imp/AlonzoImpSpec/Protocol Version 6/BBODY/PlutusV1/enforces ppMaxBlockExUnits/ | 9.6.7 | 275469760 |
| /Alonzo/Imp/AlonzoImpSpec/Protocol Version 6/BBODY/PlutusV1/enforces ppMaxBlockExUnits/ | 9.8.4 | 724393182 |
| /Alonzo/Imp/AlonzoImpSpec/Protocol Version 6/BBODY/PlutusV1/enforces ppMaxBlockExUnits/ | 9.10.3 | 1389462003 |
| /Alonzo/Imp/AlonzoImpSpec/Protocol Version 6/BBODY/PlutusV1/enforces ppMaxBlockExUnits/ | 9.12.2 | 499854716 |

### `cardano-ledger-babbage:test:tests` ###

| Test                                         | Compiler | Seed     |
|:-------------------------------------------- |:-------- |:-------- |
| /Babbage/Imp/AlonzoImpSpec/Protocol Version 7/BBODY/PlutusV1/enforces ppMaxBlockExUnits/ | 9.6.7 | 13063153 |
| /Babbage/Imp/AlonzoImpSpec/Protocol Version 7/BBODY/PlutusV1/enforces ppMaxBlockExUnits/ | 9.8.4 | 2137069796 |
| /Babbage/Imp/AlonzoImpSpec/Protocol Version 7/BBODY/PlutusV1/enforces ppMaxBlockExUnits/ | 9.10.3 | 2067128155 |
| /Babbage/Imp/AlonzoImpSpec/Protocol Version 7/BBODY/PlutusV1/enforces ppMaxBlockExUnits/ | 9.12.2 | 1630817378 |
| /Babbage/Imp/AlonzoImpSpec/Protocol Version 7/BBODY/PlutusV2/enforces ppMaxBlockExUnits/ | 9.6.7 | 13063153 |
| /Babbage/Imp/AlonzoImpSpec/Protocol Version 7/BBODY/PlutusV2/enforces ppMaxBlockExUnits/ | 9.8.4 | 2137069796 |
| /Babbage/Imp/AlonzoImpSpec/Protocol Version 7/BBODY/PlutusV2/enforces ppMaxBlockExUnits/ | 9.10.3 | 2067128155 |
| /Babbage/Imp/AlonzoImpSpec/Protocol Version 7/BBODY/PlutusV2/enforces ppMaxBlockExUnits/ | 9.12.2 | 1630817378 |
| /Babbage/Imp/AlonzoImpSpec/Protocol Version 8/BBODY/PlutusV1/enforces ppMaxBlockExUnits/ | 9.6.7 | 13063153 |
| /Babbage/Imp/AlonzoImpSpec/Protocol Version 8/BBODY/PlutusV1/enforces ppMaxBlockExUnits/ | 9.8.4 | 2137069796 |
| /Babbage/Imp/AlonzoImpSpec/Protocol Version 8/BBODY/PlutusV1/enforces ppMaxBlockExUnits/ | 9.10.3 | 2067128155 |
| /Babbage/Imp/AlonzoImpSpec/Protocol Version 8/BBODY/PlutusV1/enforces ppMaxBlockExUnits/ | 9.12.2 | 1630817378 |
| /Babbage/Imp/AlonzoImpSpec/Protocol Version 8/BBODY/PlutusV2/enforces ppMaxBlockExUnits/ | 9.6.7 | 13063153 |
| /Babbage/Imp/AlonzoImpSpec/Protocol Version 8/BBODY/PlutusV2/enforces ppMaxBlockExUnits/ | 9.8.4 | 2137069796 |
| /Babbage/Imp/AlonzoImpSpec/Protocol Version 8/BBODY/PlutusV2/enforces ppMaxBlockExUnits/ | 9.10.3 | 2067128155 |
| /Babbage/Imp/AlonzoImpSpec/Protocol Version 8/BBODY/PlutusV2/enforces ppMaxBlockExUnits/ | 9.12.2 | 1630817378 |

### `cardano-ledger-conway:test:tests` ###

| Test                                         | Compiler | Seed     |
|:-------------------------------------------- |:-------- |:-------- |
| /Conway era-generic/Conway features/Imp/AlonzoImpSpec/Protocol Version 10/BBODY/PlutusV1/enforces ppMaxBlockExUnits/ | 9.6.7 | 650602326 |
| /Conway era-generic/Conway features/Imp/AlonzoImpSpec/Protocol Version 10/BBODY/PlutusV1/enforces ppMaxBlockExUnits/ | 9.8.4 | 1335752113 |
| /Conway era-generic/Conway features/Imp/AlonzoImpSpec/Protocol Version 10/BBODY/PlutusV1/enforces ppMaxBlockExUnits/ | 9.10.3 | 395889521 |
| /Conway era-generic/Conway features/Imp/AlonzoImpSpec/Protocol Version 10/BBODY/PlutusV1/enforces ppMaxBlockExUnits/ | 9.12.2 | 402446791 |
| /Conway era-generic/Conway features/Imp/AlonzoImpSpec/Protocol Version 10/BBODY/PlutusV2/enforces ppMaxBlockExUnits/ | 9.6.7 | 650602326 |
| /Conway era-generic/Conway features/Imp/AlonzoImpSpec/Protocol Version 10/BBODY/PlutusV2/enforces ppMaxBlockExUnits/ | 9.8.4 | 1335752113 |
| /Conway era-generic/Conway features/Imp/AlonzoImpSpec/Protocol Version 10/BBODY/PlutusV2/enforces ppMaxBlockExUnits/ | 9.10.3 | 395889521 |
| /Conway era-generic/Conway features/Imp/AlonzoImpSpec/Protocol Version 10/BBODY/PlutusV2/enforces ppMaxBlockExUnits/ | 9.12.2 | 402446791 |
| /Conway era-generic/Conway features/Imp/AlonzoImpSpec/Protocol Version 10/BBODY/PlutusV3/enforces ppMaxBlockExUnits/ | 9.6.7 | 650602326 |
| /Conway era-generic/Conway features/Imp/AlonzoImpSpec/Protocol Version 10/BBODY/PlutusV3/enforces ppMaxBlockExUnits/ | 9.8.4 | 1335752113 |
| /Conway era-generic/Conway features/Imp/AlonzoImpSpec/Protocol Version 10/BBODY/PlutusV3/enforces ppMaxBlockExUnits/ | 9.10.3 | 395889521 |
| /Conway era-generic/Conway features/Imp/AlonzoImpSpec/Protocol Version 10/BBODY/PlutusV3/enforces ppMaxBlockExUnits/ | 9.12.2 | 402446791 |
| /Conway era-generic/Conway features/Imp/AlonzoImpSpec/Protocol Version 11/BBODY/PlutusV1/enforces ppMaxBlockExUnits/ | 9.6.7 | 650602326 |
| /Conway era-generic/Conway features/Imp/AlonzoImpSpec/Protocol Version 11/BBODY/PlutusV1/enforces ppMaxBlockExUnits/ | 9.8.4 | 1335752113 |
| /Conway era-generic/Conway features/Imp/AlonzoImpSpec/Protocol Version 11/BBODY/PlutusV1/enforces ppMaxBlockExUnits/ | 9.10.3 | 395889521 |
| /Conway era-generic/Conway features/Imp/AlonzoImpSpec/Protocol Version 11/BBODY/PlutusV1/enforces ppMaxBlockExUnits/ | 9.12.2 | 402446791 |
| /Conway era-generic/Conway features/Imp/AlonzoImpSpec/Protocol Version 11/BBODY/PlutusV2/enforces ppMaxBlockExUnits/ | 9.6.7 | 650602326 |
| /Conway era-generic/Conway features/Imp/AlonzoImpSpec/Protocol Version 11/BBODY/PlutusV2/enforces ppMaxBlockExUnits/ | 9.8.4 | 1335752113 |
| /Conway era-generic/Conway features/Imp/AlonzoImpSpec/Protocol Version 11/BBODY/PlutusV2/enforces ppMaxBlockExUnits/ | 9.10.3 | 395889521 |
| /Conway era-generic/Conway features/Imp/AlonzoImpSpec/Protocol Version 11/BBODY/PlutusV2/enforces ppMaxBlockExUnits/ | 9.12.2 | 402446791 |
| /Conway era-generic/Conway features/Imp/AlonzoImpSpec/Protocol Version 11/BBODY/PlutusV3/enforces ppMaxBlockExUnits/ | 9.6.7 | 650602326 |
| /Conway era-generic/Conway features/Imp/AlonzoImpSpec/Protocol Version 11/BBODY/PlutusV3/enforces ppMaxBlockExUnits/ | 9.8.4 | 1335752113 |
| /Conway era-generic/Conway features/Imp/AlonzoImpSpec/Protocol Version 11/BBODY/PlutusV3/enforces ppMaxBlockExUnits/ | 9.10.3 | 395889521 |
| /Conway era-generic/Conway features/Imp/AlonzoImpSpec/Protocol Version 11/BBODY/PlutusV3/enforces ppMaxBlockExUnits/ | 9.12.2 | 402446791 |
| /Conway era-generic/Conway features/Imp/AlonzoImpSpec/Protocol Version 9/BBODY/PlutusV1/enforces ppMaxBlockExUnits/ | 9.6.7 | 650602326 |
| /Conway era-generic/Conway features/Imp/AlonzoImpSpec/Protocol Version 9/BBODY/PlutusV1/enforces ppMaxBlockExUnits/ | 9.8.4 | 1335752113 |
| /Conway era-generic/Conway features/Imp/AlonzoImpSpec/Protocol Version 9/BBODY/PlutusV1/enforces ppMaxBlockExUnits/ | 9.10.3 | 395889521 |
| /Conway era-generic/Conway features/Imp/AlonzoImpSpec/Protocol Version 9/BBODY/PlutusV1/enforces ppMaxBlockExUnits/ | 9.12.2 | 402446791 |
| /Conway era-generic/Conway features/Imp/AlonzoImpSpec/Protocol Version 9/BBODY/PlutusV2/enforces ppMaxBlockExUnits/ | 9.6.7 | 650602326 |
| /Conway era-generic/Conway features/Imp/AlonzoImpSpec/Protocol Version 9/BBODY/PlutusV2/enforces ppMaxBlockExUnits/ | 9.8.4 | 1335752113 |
| /Conway era-generic/Conway features/Imp/AlonzoImpSpec/Protocol Version 9/BBODY/PlutusV2/enforces ppMaxBlockExUnits/ | 9.10.3 | 395889521 |
| /Conway era-generic/Conway features/Imp/AlonzoImpSpec/Protocol Version 9/BBODY/PlutusV2/enforces ppMaxBlockExUnits/ | 9.12.2 | 402446791 |
| /Conway era-generic/Conway features/Imp/AlonzoImpSpec/Protocol Version 9/BBODY/PlutusV3/enforces ppMaxBlockExUnits/ | 9.6.7 | 650602326 |
| /Conway era-generic/Conway features/Imp/AlonzoImpSpec/Protocol Version 9/BBODY/PlutusV3/enforces ppMaxBlockExUnits/ | 9.8.4 | 1335752113 |
| /Conway era-generic/Conway features/Imp/AlonzoImpSpec/Protocol Version 9/BBODY/PlutusV3/enforces ppMaxBlockExUnits/ | 9.10.3 | 395889521 |
| /Conway era-generic/Conway features/Imp/AlonzoImpSpec/Protocol Version 9/BBODY/PlutusV3/enforces ppMaxBlockExUnits/ | 9.12.2 | 402446791 |

### `cardano-ledger-dijkstra:test:tests` ###

| Test                                         | Compiler | Seed     |
|:-------------------------------------------- |:-------- |:-------- |
| /Dijkstra/Imp/AlonzoImpSpec/Protocol Version 12/BBODY/PlutusV1/enforces ppMaxBlockExUnits/ | 9.6.7 | 295040934 |
| /Dijkstra/Imp/AlonzoImpSpec/Protocol Version 12/BBODY/PlutusV1/enforces ppMaxBlockExUnits/ | 9.8.4 | 1478949360 |
| /Dijkstra/Imp/AlonzoImpSpec/Protocol Version 12/BBODY/PlutusV1/enforces ppMaxBlockExUnits/ | 9.10.3 | 2021151115 |
| /Dijkstra/Imp/AlonzoImpSpec/Protocol Version 12/BBODY/PlutusV1/enforces ppMaxBlockExUnits/ | 9.12.2 | 261779124 |
| /Dijkstra/Imp/AlonzoImpSpec/Protocol Version 12/BBODY/PlutusV2/enforces ppMaxBlockExUnits/ | 9.6.7 | 295040934 |
| /Dijkstra/Imp/AlonzoImpSpec/Protocol Version 12/BBODY/PlutusV2/enforces ppMaxBlockExUnits/ | 9.8.4 | 1478949360 |
| /Dijkstra/Imp/AlonzoImpSpec/Protocol Version 12/BBODY/PlutusV2/enforces ppMaxBlockExUnits/ | 9.10.3 | 2021151115 |
| /Dijkstra/Imp/AlonzoImpSpec/Protocol Version 12/BBODY/PlutusV2/enforces ppMaxBlockExUnits/ | 9.12.2 | 261779124 |
| /Dijkstra/Imp/AlonzoImpSpec/Protocol Version 12/BBODY/PlutusV3/enforces ppMaxBlockExUnits/ | 9.6.7 | 295040934 |
| /Dijkstra/Imp/AlonzoImpSpec/Protocol Version 12/BBODY/PlutusV3/enforces ppMaxBlockExUnits/ | 9.8.4 | 1478949360 |
| /Dijkstra/Imp/AlonzoImpSpec/Protocol Version 12/BBODY/PlutusV3/enforces ppMaxBlockExUnits/ | 9.10.3 | 2021151115 |
| /Dijkstra/Imp/AlonzoImpSpec/Protocol Version 12/BBODY/PlutusV3/enforces ppMaxBlockExUnits/ | 9.12.2 | 261779124 |
