dist-newstyle/build/x86_64-linux/ghc-9.6.7/byron-spec-chain-1.0.1.1/t/chain-rules-test/build/chain-rules-test/chain-rules-test
dist-newstyle/build/x86_64-linux/ghc-9.6.7/byron-spec-ledger-1.1.0.1/t/byron-spec-ledger-test/build/byron-spec-ledger-test/byron-spec-ledger-test
dist-newstyle/build/x86_64-linux/ghc-9.6.7/cardano-crypto-wrapper-1.7.0.0/t/test/build/test/test
dist-newstyle/build/x86_64-linux/ghc-9.6.7/cardano-data-1.3.0.0/t/cardano-data-tests/build/cardano-data-tests/cardano-data-tests
dist-newstyle/build/x86_64-linux/ghc-9.6.7/cardano-ledger-allegra-1.9.0.0/t/tests/build/tests/tests
dist-newstyle/build/x86_64-linux/ghc-9.6.7/cardano-ledger-allegra-1.9.0.0/x/generate-cddl/build/generate-cddl/generate-cddl
dist-newstyle/build/x86_64-linux/ghc-9.6.7/cardano-ledger-alonzo-1.15.0.1/t/tests/build/tests/tests
dist-newstyle/build/x86_64-linux/ghc-9.6.7/cardano-ledger-alonzo-1.15.0.1/x/gen-golden/build/gen-golden/gen-golden
dist-newstyle/build/x86_64-linux/ghc-9.6.7/cardano-ledger-alonzo-1.15.0.1/x/generate-cddl/build/generate-cddl/generate-cddl
dist-newstyle/build/x86_64-linux/ghc-9.6.7/cardano-ledger-alonzo-test-1.4.0.1/t/cardano-ledger-alonzo-test/build/cardano-ledger-alonzo-test/cardano-ledger-alonzo-test
dist-newstyle/build/x86_64-linux/ghc-9.6.7/cardano-ledger-api-1.13.0.0/t/cardano-ledger-api-test/build/cardano-ledger-api-test/cardano-ledger-api-test
dist-newstyle/build/x86_64-linux/ghc-9.6.7/cardano-ledger-babbage-1.13.1.0/t/tests/build/tests/tests
dist-newstyle/build/x86_64-linux/ghc-9.6.7/cardano-ledger-babbage-1.13.1.0/x/gen-golden/build/gen-golden/gen-golden
dist-newstyle/build/x86_64-linux/ghc-9.6.7/cardano-ledger-babbage-1.13.1.0/x/generate-cddl/build/generate-cddl/generate-cddl
dist-newstyle/build/x86_64-linux/ghc-9.6.7/cardano-ledger-binary-1.9.0.0/b/bench/build/bench/bench
dist-newstyle/build/x86_64-linux/ghc-9.6.7/cardano-ledger-binary-1.9.0.0/t/tests/build/tests/tests
dist-newstyle/build/x86_64-linux/ghc-9.6.7/cardano-ledger-byron-1.3.0.0/t/tests/build/tests/tests
dist-newstyle/build/x86_64-linux/ghc-9.6.7/cardano-ledger-canonical-state-9.9.9.9/t/tests/build/tests/tests
dist-newstyle/build/x86_64-linux/ghc-9.6.7/cardano-ledger-conformance-9.9.9.9/t/tests/build/tests/tests
dist-newstyle/build/x86_64-linux/ghc-9.6.7/cardano-ledger-conway-1.22.0.0/t/tests/build/tests/tests
dist-newstyle/build/x86_64-linux/ghc-9.6.7/cardano-ledger-conway-1.22.0.0/x/gen-golden/build/gen-golden/gen-golden
dist-newstyle/build/x86_64-linux/ghc-9.6.7/cardano-ledger-conway-1.22.0.0/x/generate-cddl/build/generate-cddl/generate-cddl
dist-newstyle/build/x86_64-linux/ghc-9.6.7/cardano-ledger-core-1.20.0.0/b/addr/build/addr/addr
dist-newstyle/build/x86_64-linux/ghc-9.6.7/cardano-ledger-core-1.20.0.0/t/tests/build/tests/tests
dist-newstyle/build/x86_64-linux/ghc-9.6.7/cardano-ledger-core-1.20.0.0/x/plutus-debug/build/plutus-debug/plutus-debug
dist-newstyle/build/x86_64-linux/ghc-9.6.7/cardano-ledger-dijkstra-0.3.0.0/t/tests/build/tests/tests
dist-newstyle/build/x86_64-linux/ghc-9.6.7/cardano-ledger-dijkstra-0.3.0.0/x/generate-cddl/build/generate-cddl/generate-cddl
dist-newstyle/build/x86_64-linux/ghc-9.6.7/cardano-ledger-mary-1.10.0.0/t/tests/build/tests/tests
dist-newstyle/build/x86_64-linux/ghc-9.6.7/cardano-ledger-mary-1.10.0.0/x/generate-cddl/build/generate-cddl/generate-cddl
dist-newstyle/build/x86_64-linux/ghc-9.6.7/cardano-ledger-shelley-1.18.0.1/t/tests/build/tests/tests
dist-newstyle/build/x86_64-linux/ghc-9.6.7/cardano-ledger-shelley-1.18.0.1/x/generate-cddl/build/generate-cddl/generate-cddl
dist-newstyle/build/x86_64-linux/ghc-9.6.7/cardano-ledger-shelley-ma-test-1.4.0.2/t/cardano-ledger-shelley-ma-test/build/cardano-ledger-shelley-ma-test/cardano-ledger-shelley-ma-test
dist-newstyle/build/x86_64-linux/ghc-9.6.7/cardano-ledger-shelley-test-1.8.0.0/b/mainbench/build/mainbench/mainbench
dist-newstyle/build/x86_64-linux/ghc-9.6.7/cardano-ledger-shelley-test-1.8.0.0/t/cardano-ledger-shelley-test/build/cardano-ledger-shelley-test/cardano-ledger-shelley-test
dist-newstyle/build/x86_64-linux/ghc-9.6.7/cardano-ledger-test-9.9.9.9/b/bench/build/bench/bench
dist-newstyle/build/x86_64-linux/ghc-9.6.7/cardano-ledger-test-9.9.9.9/b/benchProperty/build/benchProperty/benchProperty
dist-newstyle/build/x86_64-linux/ghc-9.6.7/cardano-ledger-test-9.9.9.9/t/cardano-ledger-test/build/cardano-ledger-test/cardano-ledger-test
dist-newstyle/build/x86_64-linux/ghc-9.6.7/cardano-protocol-tpraos-1.6.0.0/t/tests/build/tests/tests
dist-newstyle/build/x86_64-linux/ghc-9.6.7/ledger-state-9.9.9.9/b/address/build/address/address
dist-newstyle/build/x86_64-linux/ghc-9.6.7/ledger-state-9.9.9.9/b/memory/build/memory/memory
dist-newstyle/build/x86_64-linux/ghc-9.6.7/ledger-state-9.9.9.9/b/performance/build/performance/performance
dist-newstyle/build/x86_64-linux/ghc-9.6.7/ledger-state-9.9.9.9/x/ledger-state/build/ledger-state/ledger-state
dist-newstyle/build/x86_64-linux/ghc-9.6.7/non-integral-1.0.0.0/t/non-integral-test/build/non-integral-test/non-integral-test
dist-newstyle/build/x86_64-linux/ghc-9.6.7/plutus-preprocessor-9.9.9.9/x/plutus-preprocessor/build/plutus-preprocessor/plutus-preprocessor
dist-newstyle/build/x86_64-linux/ghc-9.6.7/small-steps-1.1.3.0/t/tests/build/tests/tests
dist-newstyle/build/x86_64-linux/ghc-9.6.7/vector-map-1.2.0.0/b/bench/build/bench/bench
dist-newstyle/build/x86_64-linux/ghc-9.6.7/vector-map-1.2.0.0/t/tests/build/tests/tests
