byron-spec-chain:lib:byron-spec-chain
byron-spec-chain:test:chain-rules-test
byron-spec-ledger:lib:byron-spec-ledger
byron-spec-ledger:test:byron-spec-ledger-test
cardano-crypto-wrapper:lib:cardano-crypto-wrapper
cardano-crypto-wrapper:lib:testlib
cardano-crypto-wrapper:test:test
cardano-data:lib:cardano-data
cardano-data:lib:testlib
cardano-data:test:cardano-data-tests
cardano-ledger-allegra:exe:generate-cddl
cardano-ledger-allegra:lib:cardano-ledger-allegra
cardano-ledger-allegra:lib:cddl
cardano-ledger-allegra:lib:testlib
cardano-ledger-allegra:test:tests
cardano-ledger-alonzo-test:lib:cardano-ledger-alonzo-test
cardano-ledger-alonzo-test:test:cardano-ledger-alonzo-test
cardano-ledger-alonzo:exe:gen-golden
cardano-ledger-alonzo:exe:generate-cddl
cardano-ledger-alonzo:lib:cardano-ledger-alonzo
cardano-ledger-alonzo:lib:cddl
cardano-ledger-alonzo:lib:testlib
cardano-ledger-alonzo:test:tests
cardano-ledger-api:lib:cardano-ledger-api
cardano-ledger-api:lib:testlib
cardano-ledger-api:test:cardano-ledger-api-test
cardano-ledger-babbage:exe:gen-golden
cardano-ledger-babbage:exe:generate-cddl
cardano-ledger-babbage:lib:cardano-ledger-babbage
cardano-ledger-babbage:lib:cddl
cardano-ledger-babbage:lib:testlib
cardano-ledger-babbage:test:tests
cardano-ledger-binary:bench:bench
cardano-ledger-binary:lib:cardano-ledger-binary
cardano-ledger-binary:lib:testlib
cardano-ledger-binary:test:tests
cardano-ledger-byron:lib:cardano-ledger-byron
cardano-ledger-byron:lib:testlib
cardano-ledger-byron:test:tests
cardano-ledger-canonical-state:lib:cardano-ledger-canonical-state
cardano-ledger-canonical-state:lib:conway
cardano-ledger-canonical-state:lib:testlib
cardano-ledger-canonical-state:test:tests
cardano-ledger-conformance:lib:cardano-ledger-conformance
cardano-ledger-conformance:test:tests
cardano-ledger-conway:exe:gen-golden
cardano-ledger-conway:exe:generate-cddl
cardano-ledger-conway:lib:cardano-ledger-conway
cardano-ledger-conway:lib:cddl
cardano-ledger-conway:lib:testlib
cardano-ledger-conway:test:tests
cardano-ledger-core:bench:addr
cardano-ledger-core:exe:plutus-debug
cardano-ledger-core:lib:cardano-ledger-core
cardano-ledger-core:lib:cddl
cardano-ledger-core:lib:internal
cardano-ledger-core:lib:tasty-compat
cardano-ledger-core:lib:testlib
cardano-ledger-core:test:tests
cardano-ledger-dijkstra:exe:generate-cddl
cardano-ledger-dijkstra:lib:cardano-ledger-dijkstra
cardano-ledger-dijkstra:lib:cddl
cardano-ledger-dijkstra:lib:testlib
cardano-ledger-dijkstra:test:tests
cardano-ledger-mary:exe:generate-cddl
cardano-ledger-mary:lib:cardano-ledger-mary
cardano-ledger-mary:lib:cddl
cardano-ledger-mary:lib:testlib
cardano-ledger-mary:test:tests
cardano-ledger-repl-environment:lib:cardano-ledger-repl-environment
cardano-ledger-shelley-ma-test:lib:cardano-ledger-shelley-ma-test
cardano-ledger-shelley-ma-test:test:cardano-ledger-shelley-ma-test
cardano-ledger-shelley-test:bench:mainbench
cardano-ledger-shelley-test:lib:cardano-ledger-shelley-test
cardano-ledger-shelley-test:test:cardano-ledger-shelley-test
cardano-ledger-shelley:exe:generate-cddl
cardano-ledger-shelley:lib:cardano-ledger-shelley
cardano-ledger-shelley:lib:cddl
cardano-ledger-shelley:lib:testlib
cardano-ledger-shelley:test:tests
cardano-ledger-test:bench:bench
cardano-ledger-test:bench:benchProperty
cardano-ledger-test:lib:cardano-ledger-test
cardano-ledger-test:test:cardano-ledger-test
cardano-protocol-tpraos:lib:cardano-protocol-tpraos
cardano-protocol-tpraos:lib:testlib
cardano-protocol-tpraos:test:tests
ledger-state:bench:address
ledger-state:bench:memory
ledger-state:bench:performance
ledger-state:exe:ledger-state
ledger-state:lib:ledger-state
non-integral:lib:non-integral
non-integral:test:non-integral-test
plutus-preprocessor:exe:plutus-preprocessor
plutus-preprocessor:lib:plutus-preprocessor
small-steps:lib:small-steps
small-steps:lib:testlib
small-steps:test:tests
vector-map:bench:bench
vector-map:lib:testlib
vector-map:lib:vector-map
vector-map:test:tests
